// Jest Snapshot v1, https://goo.gl/fbAQLP

exports[`Chips Renders correctly 1`] = `
<RCTScrollView
  horizontal={true}
  style={
    Object {
      "flex": 1,
      "flexDirection": "row",
      "marginLeft": 10,
    }
  }
>
  <View>
    <View
      style={
        Object {
          "backgroundColor": "#03dac4",
          "borderColor": "#03dac4",
          "borderRadius": 16,
          "borderStyle": "solid",
          "borderWidth": 0.5,
          "elevation": 0,
          "flexDirection": "row",
          "height": 35,
          "margin": 4,
        }
      }
    >
      <View
        accessibilityRole="button"
        accessibilityState={
          Object {
            "disabled": false,
            "selected": false,
          }
        }
        accessible={true}
        focusable={false}
        onClick={[Function]}
        onResponderGrant={[Function]}
        onResponderMove={[Function]}
        onResponderRelease={[Function]}
        onResponderTerminate={[Function]}
        onResponderTerminationRequest={[Function]}
        onStartShouldSetResponder={[Function]}
        style={
          Array [
            Object {
              "overflow": "hidden",
            },
            Object {
              "borderRadius": 16,
            },
          ]
        }
      >
        <View
          style={
            Array [
              Object {
                "alignItems": "center",
                "flexDirection": "row",
                "paddingLeft": 4,
                "position": "relative",
              },
              Object {
                "paddingRight": 4,
              },
            ]
          }
        >
          <Text
            numberOfLines={1}
            selectable={false}
            style={
              Array [
                Object {
                  "color": "#000000",
                  "fontFamily": "System",
                  "fontWeight": "400",
                },
                Object {
                  "textAlign": "left",
                },
                Array [
                  Object {
                    "lineHeight": 24,
                    "marginVertical": 4,
                    "minHeight": 24,
                    "textAlignVertical": "center",
                  },
                  Object {
                    "color": "rgba(0, 0, 0, 0.87)",
                    "fontFamily": "System",
                    "fontWeight": "400",
                    "marginLeft": 8,
                    "marginRight": 8,
                  },
                  undefined,
                ],
              ]
            }
          >
            Chip1
          </Text>
        </View>
      </View>
    </View>
    <View
      style={
        Object {
          "backgroundColor": "#03dac4",
          "borderColor": "#03dac4",
          "borderRadius": 16,
          "borderStyle": "solid",
          "borderWidth": 0.5,
          "elevation": 0,
          "flexDirection": "row",
          "height": 35,
          "margin": 4,
        }
      }
    >
      <View
        accessibilityRole="button"
        accessibilityState={
          Object {
            "disabled": false,
            "selected": false,
          }
        }
        accessible={true}
        focusable={false}
        onClick={[Function]}
        onResponderGrant={[Function]}
        onResponderMove={[Function]}
        onResponderRelease={[Function]}
        onResponderTerminate={[Function]}
        onResponderTerminationRequest={[Function]}
        onStartShouldSetResponder={[Function]}
        style={
          Array [
            Object {
              "overflow": "hidden",
            },
            Object {
              "borderRadius": 16,
            },
          ]
        }
      >
        <View
          style={
            Array [
              Object {
                "alignItems": "center",
                "flexDirection": "row",
                "paddingLeft": 4,
                "position": "relative",
              },
              Object {
                "paddingRight": 4,
              },
            ]
          }
        >
          <Text
            numberOfLines={1}
            selectable={false}
            style={
              Array [
                Object {
                  "color": "#000000",
                  "fontFamily": "System",
                  "fontWeight": "400",
                },
                Object {
                  "textAlign": "left",
                },
                Array [
                  Object {
                    "lineHeight": 24,
                    "marginVertical": 4,
                    "minHeight": 24,
                    "textAlignVertical": "center",
                  },
                  Object {
                    "color": "rgba(0, 0, 0, 0.87)",
                    "fontFamily": "System",
                    "fontWeight": "400",
                    "marginLeft": 8,
                    "marginRight": 8,
                  },
                  undefined,
                ],
              ]
            }
          >
            Chip2
          </Text>
        </View>
      </View>
    </View>
  </View>
</RCTScrollView>
`;
